\BOOKMARK [0][-]{chapter.1}{\376\377\000F\000o\000r\000k}{}% 1
\BOOKMARK [1][-]{section.1.1}{\376\377\000D\000l\000a\000c\000z\000e\000g\000o\000\040\000t\000a\000k\000\040\000c\000h\000a\000o\000t\000y\000c\000z\000n\000i\000e}{chapter.1}% 2
\BOOKMARK [1][-]{section.1.2}{\376\377\000S\000e\000k\000c\000j\000e}{chapter.1}% 3
\BOOKMARK [1][-]{section.1.3}{\376\377\000P\000r\000e\000z\000e\000n\000t\000a\000c\000j\000a}{chapter.1}% 4
\BOOKMARK [1][-]{section.1.4}{\376\377\000J\001\031\000z\000y\000k}{chapter.1}% 5
\BOOKMARK [1][-]{section.1.5}{\376\377\000S\000t\000r\000u\000k\000t\000u\000r\000a}{chapter.1}% 6
\BOOKMARK [1][-]{section.1.6}{\376\377\000I\000\040\000r\000e\000s\000z\000t\000a}{chapter.1}% 7
\BOOKMARK [0][-]{chapter.2}{\376\377\000P\000r\000i\000m\000e\000r\000\040\000-\000>\000\040\000Z\000a\000c\000z\000n\000i\000j\000\040\000t\000u\000t\000a\000j}{}% 8
\BOOKMARK [1][-]{section.2.1}{\376\377\000C\000o\000\040\000i\000\040\000p\000o\000\040\000c\000o\000\040\000-\000\040\000C\000z\001\031\001\133\001\007\000\040\000\043\0001\000\040\000"\000C\000o\000"}{chapter.2}% 9
\BOOKMARK [2][-]{subsection.2.1.1}{\376\377\000D\000u\001\174\000y\000\040\000M\000o\000d\000u\000C\000a\000r\000d\000\040\000a\000\040\000M\000i\000n\000i\000M\000o\000d\000u\000C\000a\000r\000d}{section.2.1}% 10
\BOOKMARK [2][-]{subsection.2.1.2}{\376\377\000N\000a\000p\000r\000a\000w\000a\000\040\000i\000\040\000w\000y\000t\000r\000z\000y\000m\000a\001\102\000o\001\133\001\007}{section.2.1}% 11
\BOOKMARK [2][-]{subsection.2.1.3}{\376\377\000U\000n\000i\000w\000e\000r\000s\000a\000l\000n\000o\001\133\001\007}{section.2.1}% 12
\BOOKMARK [2][-]{subsection.2.1.4}{\376\377\000M\000o\000d\000u\000C\000a\000r\000d\000\040\000z\000d\000j\001\031\000c\000i\000a}{section.2.1}% 13
\BOOKMARK [2][-]{subsection.2.1.5}{\376\377\000M\000i\000n\000i\000M\000o\000d\000u\000C\000a\000r\000d\000\040\000z\000d\000j\001\031\000c\000i\000a}{section.2.1}% 14
\BOOKMARK [1][-]{section.2.2}{\376\377\000C\000o\000\040\000i\000\040\000p\000o\000\040\000c\000o\000\040\000-\000\040\000C\000z\001\031\001\133\001\007\000\040\000\043\0002\000\040\000"\000P\000o\000\040\000c\000o\000"}{chapter.2}% 15
\BOOKMARK [2][-]{subsection.2.2.1}{\376\377\000M\000o\000d\000u\000l\000a\000r\000n\000o\001\133\001\007}{section.2.2}% 16
\BOOKMARK [2][-]{subsection.2.2.2}{\376\377\000N\000a\000p\000r\000a\000w\000a\000\040\000p\000r\000z\000e\000z\000\040\000w\000y\000m\000i\000e\000n\000i\000a\000l\000n\000o\001\133\001\007}{section.2.2}% 17
\BOOKMARK [2][-]{subsection.2.2.3}{\376\377\000M\000o\000d\000u\000l\000a\000r\000n\000o\001\133\001\007\000\040\000j\000a\000k\000o\000\040\000o\000r\000g\000a\000n\000i\000c\000z\000n\000y\000\040\000r\000o\000z\000r\000o\000s\000t}{section.2.2}% 18
\BOOKMARK [2][-]{subsection.2.2.4}{\376\377\000P\000o\000d\000z\000i\000a\001\102\000\040\000n\000a\000\040\000m\000n\000i\000e\000j\000s\000z\000e\000\040\000e\000l\000e\000m\000e\000n\000t\000y\000\040\000j\000a\000k\000o\000\040\000p\000r\000o\000s\000t\000o\000t\000a}{section.2.2}% 19
\BOOKMARK [1][-]{section.2.3}{\376\377\000C\000o\000\040\000i\000\040\000p\000o\000\040\000c\000o\000\040\000-\000\040\000C\000z\001\031\001\133\001\007\000\040\000\043\0003\000\040\000"\000C\000o\000\040\000a\000l\000e\000\040\000k\000o\000n\000k\000r\000e\000t\000y\000"}{chapter.2}% 20
\BOOKMARK [2][-]{subsection.2.3.1}{\376\377\000T\000o\000\040\000s\000a\000m\000o\000,\000\040\000a\000l\000e\000\040\000b\000a\000r\000d\000z\000i\000e\000j\000\040\001\102\000o\000p\000a\000t\000o\000l\000o\000g\000i\000c\000z\000n\000i\000e}{section.2.3}% 21
\BOOKMARK [0][-]{chapter.3}{\376\377\000S\000k\000r\000\363\000t\000y\000\040\000i\000\040\000n\000a\000z\000w\000y\000\040\000w\001\102\000a\000s\000n\000e}{}% 22
\BOOKMARK [0][-]{chapter.4}{\376\377\000K\000s\000i\001\005\001\174\000k\000a\000\040\000e\000l\000e\000k\000t\000r\000o\000n\000i\000c\000z\000n\000a}{}% 23
\BOOKMARK [1][-]{section.4.1}{\376\377\000M\000i\000n\000i\000M\000o\000d\000u\000C\000a\000r\000d\000\040\000-\000\040\000z\000a\000s\000a\000d\000a\000\040\000d\000z\000i\000a\001\102\000a\000n\000i\000a}{chapter.4}% 24
\BOOKMARK [2][-]{subsection.4.1.1}{\376\377\000O\000v\000e\000r\000v\000i\000e\000w}{section.4.1}% 25
\BOOKMARK [1][-]{section.4.2}{\376\377\000M\000i\000n\000i\000M\000o\000d\000u\000C\000a\000r\000d\000\040\000-\000\040\000K\000o\000n\000t\000r\000o\000l\000e\000r}{chapter.4}% 26
\BOOKMARK [2][-]{subsection.4.2.1}{\376\377\000J\000a\000k\000i\000e\000\040\000z\001\102\001\005\000c\000z\000a}{section.4.2}% 27
\BOOKMARK [2][-]{subsection.4.2.2}{\376\377\000K\000o\000m\000u\000n\000i\000k\000a\000c\000j\000a\000\040\000z\000\040\000h\000a\000t\000a\000m\000i}{section.4.2}% 28
\BOOKMARK [2][-]{subsection.4.2.3}{\376\377\000K\000o\000m\000u\000n\000i\000k\000a\000c\000j\000a\000\040\000z\000\040\000d\000u\001\174\000y\000m\000\040\000M\000o\000d\000u\000C\000a\000r\000d\000e\000m}{section.4.2}% 29
\BOOKMARK [2][-]{subsection.4.2.4}{\376\377\000P\000r\000o\000g\000r\000a\000m\000o\000w\000a\000n\000i\000e}{section.4.2}% 30
\BOOKMARK [2][-]{subsection.4.2.5}{\376\377\000J\000a\000k\000i\000\040\000p\000r\000o\000c\000\040\000j\000e\000s\000t\000\040\000w\001\102\000o\001\174\000o\000n\000y}{section.4.2}% 31
\BOOKMARK [2][-]{subsection.4.2.6}{\376\377\000Z\000a\000s\000i\000l\000a\000n\000i\000e}{section.4.2}% 32
\BOOKMARK [2][-]{subsection.4.2.7}{\376\377\000R\000y\000s\000u\000n\000e\000k\000\040\000M\000M\000S\0003}{section.4.2}% 33
\BOOKMARK [1][-]{section.4.3}{\376\377\000M\000i\000n\000i\000M\000o\000d\000u\000C\000a\000r\000d\000\040\000-\000\040\000H\000a\000t}{chapter.4}% 34
\BOOKMARK [2][-]{subsection.4.3.1}{\376\377\000Z\001\102\001\005\000c\000z\000a}{section.4.3}% 35
\BOOKMARK [2][-]{subsection.4.3.2}{\376\377\000M\000o\000d\000u\000l\000a\000r\000n\000o\001\133\001\007}{section.4.3}% 36
\BOOKMARK [2][-]{subsection.4.3.3}{\376\377\000K\000r\000a\000w\001\031\000d\000z\000i\000e}{section.4.3}% 37
\BOOKMARK [2][-]{subsection.4.3.4}{\376\377\000R\000y\000s\000u\000n\000e\000k\000\040\000h\000a\000t\000a}{section.4.3}% 38
\BOOKMARK [1][-]{section.4.4}{\376\377\000M\000i\000n\000i\000M\000o\000d\000u\000C\000a\000r\000d\000\040\000-\000\040\001\101\001\005\000c\000z\000e\000n\000i\000e\000\040\000h\000a\000t\000\363\000w}{chapter.4}% 39
\BOOKMARK [1][-]{section.4.5}{\376\377\000W\000y\000b\000i\000e\000r\000a\000n\000i\000e\000\040\000h\000a\000t\000\363\000w}{chapter.4}% 40
\BOOKMARK [2][-]{subsection.4.5.1}{\376\377\000J\000a\000k\000\040\000t\000o\000\040\000d\000z\000i\000a\001\102\000a}{section.4.5}% 41
\BOOKMARK [2][-]{subsection.4.5.2}{\376\377\000W\000y\000b\000i\000e\000r\000a\000n\000i\000e}{section.4.5}% 42
\BOOKMARK [2][-]{subsection.4.5.3}{\376\377\000P\000r\000z\000e\000s\000u\000n\000i\001\031\000c\000i\000e}{section.4.5}% 43
\BOOKMARK [2][-]{subsection.4.5.4}{\376\377\000P\000r\000z\000y\000k\001\102\000a\000d}{section.4.5}% 44
\BOOKMARK [1][-]{section.4.6}{\376\377\000M\000i\000n\000i\000M\000o\000d\000u\000C\000a\000r\000d\000\040\000-\000\040\000I\000n\000t\000e\000r\000f\000e\000j\000s\000y\000\040\000i\000\040\000p\000r\000o\000t\000o\000k\000o\001\102\000y\000\040\000k\000o\000m\000u\000n\000i\000k\000a\000c\000y\000j\000n\000e}{chapter.4}% 45
\BOOKMARK [2][-]{subsection.4.6.1}{\376\377\000M\000M\000S\0003\000\040\000a\000\040\000h\000a\000t\000y}{section.4.6}% 46
\BOOKMARK [2][-]{subsection.4.6.2}{\376\377\000M\000M\000S\0003\000\040\000a\000\040\000g\001\102\000\363\000w\000n\000y\000\040\000k\000o\000m\000p\000u\000t\000e\000r\000\040\000M\000o\000d\000u\000C\000a\000r\000d}{section.4.6}% 47
\BOOKMARK [2][-]{subsection.4.6.3}{\376\377\000P\000r\000o\000g\000r\000a\000m\000o\000w\000a\000n\000i\000e\000\040\000i\000\040\000d\000e\000b\000u\000g\000o\000w\000a\000n\000i\000e}{section.4.6}% 48
\BOOKMARK [1][-]{section.4.7}{\376\377\000M\000i\000n\000i\000M\000o\000d\000u\000C\000a\000r\000d\000\040\000-\000\040\000A\000l\000t\000M\000o\000d\000e\000\040\000i\000\040\000s\000t\000o\000p\000n\000i\000e\000\040\000i\000n\000t\000e\000g\000r\000a\000c\000j\000i}{chapter.4}% 49
\BOOKMARK [2][-]{subsection.4.7.1}{\376\377\000O\000\040\000c\000o\000\040\000c\000h\000o\000d\000z\000i\000\040\000z\000\040\000r\000z\001\031\000d\000e\000m\000\040\000A\000l\000t\000M\000o\000d\000e}{section.4.7}% 50
\BOOKMARK [2][-]{subsection.4.7.2}{\376\377\000A\000\040\000z\000\040\000h\000a\000t\000e\000m\000\040\000A\000l\000t\000M\000o\000d\000e\000?}{section.4.7}% 51
\BOOKMARK [1][-]{section.4.8}{\376\377\000M\000i\000n\000i\000M\000o\000d\000u\000C\000a\000r\000d\000\040\000-\000\040\000P\000r\000z\000y\000k\001\102\000a\000d\000o\000w\000e\000\040\000M\000M\000S\000-\000y\000\040\000i\000\040\000h\000a\000t\000y}{chapter.4}% 52
\BOOKMARK [2][-]{subsection.4.8.1}{\376\377\000M\000M\000S\0003}{section.4.8}% 53
\BOOKMARK [2][-]{subsection.4.8.2}{\376\377\000H\000a\000t\000y}{section.4.8}% 54
\BOOKMARK [1][-]{section.4.9}{\376\377\000M\000i\000n\000i\000M\000o\000d\000u\000C\000a\000r\000d\000\040\000-\000\040\000B\000u\000d\001\174\000e\000t\000\040\000m\000o\000c\000y}{chapter.4}% 55
\BOOKMARK [1][-]{section.4.10}{\376\377\000M\000i\000n\000i\000M\000o\000d\000u\000C\000a\000r\000d\000\040\000-\000\040\000W\000y\000m\000a\000g\000a\000n\000i\000a\000\040\000d\000l\000a\000\040\000h\000a\000t\000a}{chapter.4}% 56
\BOOKMARK [1][-]{section.4.11}{\376\377\000M\000i\000n\000i\000M\000o\000d\000u\000C\000a\000r\000d\000\040\000-\000\040\000W\000y\000m\000a\000g\000a\000n\000i\000a\000\040\000d\000l\000a\000\040\000M\000M\000S\000-\000a}{chapter.4}% 57
\BOOKMARK [1][-]{section.4.12}{\376\377\000M\000i\000n\000i\000M\000o\000d\000u\000C\000a\000r\000d\000\040\000-\000\040\000P\000r\000o\000j\000e\000k\000t\000o\000w\000a\000n\000i\000e\000\040\000h\000a\000t\000\363\000w}{chapter.4}% 58
\BOOKMARK [2][-]{subsection.4.12.1}{\376\377\000C\000o\000\040\000m\000u\000s\000i\000s\000z\000\040\000z\000r\000o\000b\000i\001\007}{section.4.12}% 59
\BOOKMARK [2][-]{subsection.4.12.2}{\376\377\000C\000o\000\040\000m\000u\000s\000i\000s\000z\000\040\000w\000i\000e\000d\000z\000i\000e\001\007}{section.4.12}% 60
\BOOKMARK [2][-]{subsection.4.12.3}{\376\377\000T\000e\000m\000p\000l\000a\000t\000k\000a}{section.4.12}% 61
\BOOKMARK [2][-]{subsection.4.12.4}{\376\377\000S\000e\000t\000u\000p\000\040\000p\000r\000o\000g\000r\000a\000m\000\363\000w}{section.4.12}% 62
\BOOKMARK [2][-]{subsection.4.12.5}{\376\377\000J\000a\000k\000\040\000r\000o\000b\000i\001\007\000\040\000s\000c\000h\000e\000m\000a\000t\000i\000c\000/\000P\000C\000B}{section.4.12}% 63
\BOOKMARK [2][-]{subsection.4.12.6}{\376\377\000P\000o\000b\000i\000e\000r\000a\000n\000i\000e\000\040\000s\000y\000m\000b\000o\000l\000i\000\040\000i\000\040\000f\000o\000o\000t\000p\000r\000i\000n\000t\000'\000\363\000w\000\040\000-\000\040\000p\000a\000s\000y\000w\000k\000i}{section.4.12}% 64
\BOOKMARK [2][-]{subsection.4.12.7}{\376\377\000P\000o\000b\000i\000e\000r\000a\000n\000i\000e\000\040\000s\000y\000m\000b\000o\000l\000i\000\040\000i\000\040\000f\000o\000o\000t\000p\000r\000i\000n\000t\000'\000\363\000w\000\040\000-\000\040\000I\000C}{section.4.12}% 65
\BOOKMARK [2][-]{subsection.4.12.8}{\376\377\000P\000a\000r\001\031\000\040\000m\000o\000i\000c\000h\000\040\000k\000o\000m\000e\000n\000t\000a\000r\000z\000y}{section.4.12}% 66
\BOOKMARK [2][-]{subsection.4.12.9}{\376\377\000D\000o\000d\000a\000t\000k\000o\000w\000e\000\040\001\172\000r\000\363\000d\001\102\000a\000\040\000d\000o\000\040\000o\000b\000c\000z\000a\000j\000e\000n\000i\000a}{section.4.12}% 67
\BOOKMARK [1][-]{section.4.13}{\376\377\000M\000i\000n\000i\000M\000o\000d\000u\000C\000a\000r\000d\000\040\000-\000\040\000P\000i\000n\000o\000u\000t\000\040\000z\001\102\001\005\000c\000z\000y}{chapter.4}% 68
\BOOKMARK [2][-]{subsection.4.13.1}{\376\377\000C\000h\000a\000i\000n\000B\000u\000s\000\040\000+\000\040\000A\000l\000t\000M\000o\000d\000e}{section.4.13}% 69
\BOOKMARK [2][-]{subsection.4.13.2}{\376\377\000C\000h\000a\000i\000n\000B\000u\000s}{section.4.13}% 70
\BOOKMARK [2][-]{subsection.4.13.3}{\376\377\000C\000h\000a\000i\000n\000L\000i\000n\000k}{section.4.13}% 71
\BOOKMARK [2][-]{subsection.4.13.4}{\376\377\000X\000T\0006\0000}{section.4.13}% 72
\BOOKMARK [2][-]{subsection.4.13.5}{\376\377\000J\000S\000T\000-\000X\000H}{section.4.13}% 73
\BOOKMARK [2][-]{subsection.4.13.6}{\376\377\000I\0002\000C}{section.4.13}% 74
\BOOKMARK [2][-]{subsection.4.13.7}{\376\377\000P\000r\000o\000g\000r\000a\000m\000o\000w\000a\000n\000i\000e\000\040\000M\000C\000U\000\040\000n\000a\000\040\000h\000a\000t\000a\000c\000h}{section.4.13}% 75
\BOOKMARK [1][-]{section.4.14}{\376\377\000D\000u\001\174\000y\000\040\000M\000o\000d\000u\000C\000a\000r\000d\000\040\000-\000\040\000Z\000a\000s\000a\000d\000a\000\040\000d\000z\000i\000a\001\102\000a\000n\000i\000a}{chapter.4}% 76
\BOOKMARK [2][-]{subsection.4.14.1}{\376\377\000O\000v\000e\000r\000v\000i\000e\000w}{section.4.14}% 77
\BOOKMARK [1][-]{section.4.15}{\376\377\000D\000u\001\174\000y\000\040\000M\000o\000d\000u\000C\000a\000r\000d\000\040\000-\000\040\000B\000a\000c\000k\000p\000l\000a\000n\000e}{chapter.4}% 78
\BOOKMARK [1][-]{section.4.16}{\376\377\000D\000u\001\174\000y\000\040\000M\000o\000d\000u\000C\000a\000r\000d\000\040\000-\000\040\000T\000y\000p\000y\000\040\000K\000a\000r\000t}{chapter.4}% 79
\BOOKMARK [2][-]{subsection.4.16.1}{\376\377\000K\000a\000r\000t\000a\000\040\000G\000a\000t\000e\000w\000a\000y\000\040\000\050\000K\000o\000m\000p\000u\000t\000e\000r\000\040\000p\000o\000k\001\102\000a\000d\000o\000w\000y\000\051}{section.4.16}% 80
\BOOKMARK [2][-]{subsection.4.16.2}{\376\377\000K\000a\000r\000t\000a\000\040\000Z\000a\000s\000i\000l\000a\000c\000z\000a}{section.4.16}% 81
\BOOKMARK [2][-]{subsection.4.16.3}{\376\377\000K\000a\000r\000t\000a\000\040\000u\001\174\000y\000t\000k\000o\000w\000a}{section.4.16}% 82
\BOOKMARK [1][-]{section.4.17}{\376\377\000D\000o\000\040\000c\000z\000e\000g\000o\000\040\000u\001\174\000y\000w\000a\001\007\000\240\000G\000P\000I\000O\000\040\000L\000/\000R}{chapter.4}% 83
\BOOKMARK [1][-]{section.4.18}{\376\377\000C\000o\000\040\000t\000o\000\040\000s\000t\000r\000o\000b\000e}{chapter.4}% 84
\BOOKMARK [1][-]{section.4.19}{\376\377\000D\000u\001\174\000y\000\040\000M\000o\000d\000u\000C\000a\000r\000d\000\040\000-\000\040\000P\000r\000z\000y\000k\001\102\000a\000d\000o\000w\000e\000\040\000K\000a\000r\000t\000y}{chapter.4}% 85
\BOOKMARK [1][-]{section.4.20}{\376\377\000D\000u\001\174\000y\000\040\000M\000o\000d\000u\000C\000a\000r\000d\000\040\000-\000\040\000B\000i\000l\000a\000n\000s\000\040\000M\000o\000c\000y}{chapter.4}% 86
\BOOKMARK [1][-]{section.4.21}{\376\377\000D\000u\001\174\000y\000\040\000M\000o\000d\000u\000C\000a\000r\000d\000\040\000-\000\040\000W\000y\000m\000a\000g\000a\000n\000i\000a\000\040\000d\000l\000a\000\040\000K\000a\000r\000t\000\040\000u\001\174\000y\000t\000k\000o\000w\000y\000c\000h}{chapter.4}% 87
\BOOKMARK [1][-]{section.4.22}{\376\377\000D\000u\001\174\000y\000\040\000M\000o\000d\000u\000C\000a\000r\000d\000\040\000-\000\040\000W\000y\000m\000a\000g\000a\000n\000i\000a\000\040\000d\000l\000a\000\040\000K\000a\000r\000t\000\040\000z\000a\000s\000i\000l\000a\000c\000z\000a}{chapter.4}% 88
\BOOKMARK [1][-]{section.4.23}{\376\377\000D\000u\001\174\000y\000\040\000M\000o\000d\000u\000C\000a\000r\000d\000\040\000-\000\040\000W\000y\000m\000a\000g\000a\000n\000i\000a\000\040\000d\000l\000a\000\040\000K\000a\000r\000t\000\040\000k\000o\000m\000p\000u\000t\000e\000r\000a\000\040\000p\000o\000k\001\102\000a\000d\000o\000w\000e\000g\000o}{chapter.4}% 89
\BOOKMARK [1][-]{section.4.24}{\376\377\000D\000u\001\174\000y\000\040\000M\000o\000d\000u\000C\000a\000r\000d\000\040\000-\000\040\000W\000y\000m\000a\000g\000a\000n\000i\000a\000\040\000d\000l\000a\000\040\000B\000a\000c\000k\000p\000l\000a\000n\000e\000'\000a}{chapter.4}% 90
\BOOKMARK [1][-]{section.4.25}{\376\377\000D\000u\001\174\000y\000\040\000M\000o\000d\000u\000C\000a\000r\000d\000\040\000-\000\040\000P\000r\000o\000j\000e\000k\000t\000o\000w\000a\000n\000i\000e\000\040\000k\000a\000r\000t}{chapter.4}% 91
\BOOKMARK [1][-]{section.4.26}{\376\377\000D\000u\001\174\000y\000\040\000M\000o\000d\000u\000C\000a\000r\000d\000\040\000-\000\040\000P\000i\000n\000o\000u\000t\000\040\000z\001\102\001\005\000c\000z\000y}{chapter.4}% 92
\BOOKMARK [1][-]{section.4.27}{\376\377\000P\000o\000m\000i\001\031\000d\000z\000y\000\040\000s\000y\000s\000t\000e\000m\000a\000m\000i\000\040\000-\000\040\000K\000a\000r\000t\000a\000\040\000a\000d\000a\000p\000t\000e\000r\000\040\000i\000\040\000C\000h\000a\000i\000n\000L\000i\000n\000k}{chapter.4}% 93
\BOOKMARK [2][-]{subsection.4.27.1}{\376\377\000K\000a\000r\000t\000a\000\040\000A\000d\000a\000p\000t\000e\000r}{section.4.27}% 94
\BOOKMARK [2][-]{subsection.4.27.2}{\376\377\001\101\001\005\000c\000z\000e\000n\000i\000e\000\040\000s\000y\000s\000t\000e\000m\000\363\000w}{section.4.27}% 95
\BOOKMARK [1][-]{section.4.28}{\376\377\000P\000o\000m\000i\001\031\000d\000z\000y\000\040\000s\000y\000s\000t\000e\000m\000a\000m\000i\000\040\000-\000\040\000D\000u\001\174\000y\000\040\000m\000o\000d\000u\000c\000a\000r\000d\000\040\000a\000\040\000m\000a\001\102\000y\000,\000\040\000k\000i\000e\000d\000y\000\040\000k\000t\000\363\000r\000e\000g\000o\000\040\000u\001\174\000y\001\007}{chapter.4}% 96
\BOOKMARK [0][-]{chapter.5}{\376\377\000K\000s\000i\001\005\001\174\000k\000a\000\040\000p\000r\000o\000g\000r\000a\000m\000i\000s\000t\000y}{}% 97
\BOOKMARK [1][-]{section.5.1}{\376\377\000W\000s\000t\001\031\000p}{chapter.5}% 98
\BOOKMARK [0][-]{chapter.6}{\376\377\000K\000s\000i\001\005\001\174\000k\000a\000\040\000m\000e\000c\000h\000a\000n\000i\000c\000z\000n\000a}{}% 99
\BOOKMARK [1][-]{section.6.1}{\376\377\000G\000o\000t\000o\000w\000e\000\040\000r\000o\000z\000w\000i\001\005\000z\000a\000n\000i\000a}{chapter.6}% 100
\BOOKMARK [2][-]{subsection.6.1.1}{\376\377\000M\000M\000S\000\040\000-\000>\000\040\000S\000z\000y\000n\000a\000\040\000D\000I\000N}{section.6.1}% 101
\BOOKMARK [2][-]{subsection.6.1.2}{\376\377\000M\000o\000d\000u\000C\000a\000r\000d\000\040\000-\000>\000\040\000E\000u\000r\000o\000C\000a\000r\000d}{section.6.1}% 102
\BOOKMARK [1][-]{section.6.2}{\376\377\000W\000y\000m\000i\000a\000r\000y}{chapter.6}% 103
\BOOKMARK [2][-]{subsection.6.2.1}{\376\377\000D\000u\001\174\000y\000\040\000M\000o\000d\000u\000C\000a\000r\000d}{section.6.2}% 104
\BOOKMARK [2][-]{subsection.6.2.2}{\376\377\000M\000i\000n\000i\000M\000o\000d\000u\000C\000a\000r\000d\000\040\000-\000\040\000M\000M\000S\0003\000\040\000\050\000M\000i\000k\000r\000o\000k\000o\000n\000t\000r\000o\000l\000e\000r\000\051}{section.6.2}% 105
\BOOKMARK [2][-]{subsection.6.2.3}{\376\377\000M\000i\000n\000i\000M\000o\000d\000u\000C\000a\000r\000d\000\040\000-\000\040\000H\000a\000t}{section.6.2}% 106
\BOOKMARK [0][-]{chapter.7}{\376\377\000K\000s\000i\001\005\001\174\000k\000a\000\040\000s\000y\000s\000t\000e\000m\000\040\000i\000n\000t\000e\000g\000r\000a\000t\000o\000r}{}% 107
\BOOKMARK [0][-]{chapter.8}{\376\377\000K\000s\000i\001\005\001\174\000k\000a\000\040\000e\000c\000o\000s\000y\000s\000t\000e\000m\000\040\000m\000a\000i\000n\000t\000a\000i\000n\000e\000r}{}% 108
